Archive member included to satisfy reference by file (symbol)

c:/st/stm32cubeide_1.7.0/stm32cubeide/plugins/com.st.stm32cube.ide.mcu.externaltools.gnu-tools-for-stm32.9-2020-q2-update.win32_2.0.0.202105311346/tools/bin/../lib/gcc/arm-none-eabi/9.3.1/../../../../arm-none-eabi/lib/thumb/v7-m/nofp\libc_nano.a(lib_a-errno.o)
                              ./Core/Src/syscalls.o (__errno)
c:/st/stm32cubeide_1.7.0/stm32cubeide/plugins/com.st.stm32cube.ide.mcu.externaltools.gnu-tools-for-stm32.9-2020-q2-update.win32_2.0.0.202105311346/tools/bin/../lib/gcc/arm-none-eabi/9.3.1/../../../../arm-none-eabi/lib/thumb/v7-m/nofp\libc_nano.a(lib_a-exit.o)
                              c:/st/stm32cubeide_1.7.0/stm32cubeide/plugins/com.st.stm32cube.ide.mcu.externaltools.gnu-tools-for-stm32.9-2020-q2-update.win32_2.0.0.202105311346/tools/bin/../lib/gcc/arm-none-eabi/9.3.1/../../../../arm-none-eabi/lib/thumb/v7-m/nofp/crt0.o (exit)
c:/st/stm32cubeide_1.7.0/stm32cubeide/plugins/com.st.stm32cube.ide.mcu.externaltools.gnu-tools-for-stm32.9-2020-q2-update.win32_2.0.0.202105311346/tools/bin/../lib/gcc/arm-none-eabi/9.3.1/../../../../arm-none-eabi/lib/thumb/v7-m/nofp\libc_nano.a(lib_a-impure.o)
                              c:/st/stm32cubeide_1.7.0/stm32cubeide/plugins/com.st.stm32cube.ide.mcu.externaltools.gnu-tools-for-stm32.9-2020-q2-update.win32_2.0.0.202105311346/tools/bin/../lib/gcc/arm-none-eabi/9.3.1/../../../../arm-none-eabi/lib/thumb/v7-m/nofp\libc_nano.a(lib_a-exit.o) (_global_impure_ptr)
c:/st/stm32cubeide_1.7.0/stm32cubeide/plugins/com.st.stm32cube.ide.mcu.externaltools.gnu-tools-for-stm32.9-2020-q2-update.win32_2.0.0.202105311346/tools/bin/../lib/gcc/arm-none-eabi/9.3.1/../../../../arm-none-eabi/lib/thumb/v7-m/nofp\libc_nano.a(lib_a-init.o)
                              c:/st/stm32cubeide_1.7.0/stm32cubeide/plugins/com.st.stm32cube.ide.mcu.externaltools.gnu-tools-for-stm32.9-2020-q2-update.win32_2.0.0.202105311346/tools/bin/../lib/gcc/arm-none-eabi/9.3.1/../../../../arm-none-eabi/lib/thumb/v7-m/nofp/crt0.o (__libc_init_array)
c:/st/stm32cubeide_1.7.0/stm32cubeide/plugins/com.st.stm32cube.ide.mcu.externaltools.gnu-tools-for-stm32.9-2020-q2-update.win32_2.0.0.202105311346/tools/bin/../lib/gcc/arm-none-eabi/9.3.1/../../../../arm-none-eabi/lib/thumb/v7-m/nofp\libc_nano.a(lib_a-memset.o)
                              c:/st/stm32cubeide_1.7.0/stm32cubeide/plugins/com.st.stm32cube.ide.mcu.externaltools.gnu-tools-for-stm32.9-2020-q2-update.win32_2.0.0.202105311346/tools/bin/../lib/gcc/arm-none-eabi/9.3.1/../../../../arm-none-eabi/lib/thumb/v7-m/nofp/crt0.o (memset)

Allocating common symbols
Common symbol       size              file

uwTick              0x4               ./Drivers/STM32F1xx_HAL_Driver/Src/stm32f1xx_hal.o
pFlash              0x20              ./Drivers/STM32F1xx_HAL_Driver/Src/stm32f1xx_hal_flash.o
button_long_pressed_flag
                    0xc               ./Core/Src/button.o
TimerForPressKey    0x10              ./Core/Src/button.o
htim2               0x48              ./Core/Src/main.o

Discarded input sections

 .text          0x0000000000000000        0x0 c:/st/stm32cubeide_1.7.0/stm32cubeide/plugins/com.st.stm32cube.ide.mcu.externaltools.gnu-tools-for-stm32.9-2020-q2-update.win32_2.0.0.202105311346/tools/bin/../lib/gcc/arm-none-eabi/9.3.1/thumb/v7-m/nofp/crti.o
 .data          0x0000000000000000        0x0 c:/st/stm32cubeide_1.7.0/stm32cubeide/plugins/com.st.stm32cube.ide.mcu.externaltools.gnu-tools-for-stm32.9-2020-q2-update.win32_2.0.0.202105311346/tools/bin/../lib/gcc/arm-none-eabi/9.3.1/thumb/v7-m/nofp/crti.o
 .bss           0x0000000000000000        0x0 c:/st/stm32cubeide_1.7.0/stm32cubeide/plugins/com.st.stm32cube.ide.mcu.externaltools.gnu-tools-for-stm32.9-2020-q2-update.win32_2.0.0.202105311346/tools/bin/../lib/gcc/arm-none-eabi/9.3.1/thumb/v7-m/nofp/crti.o
 .data          0x0000000000000000        0x4 c:/st/stm32cubeide_1.7.0/stm32cubeide/plugins/com.st.stm32cube.ide.mcu.externaltools.gnu-tools-for-stm32.9-2020-q2-update.win32_2.0.0.202105311346/tools/bin/../lib/gcc/arm-none-eabi/9.3.1/thumb/v7-m/nofp/crtbegin.o
 .text          0x0000000000000000       0x7c c:/st/stm32cubeide_1.7.0/stm32cubeide/plugins/com.st.stm32cube.ide.mcu.externaltools.gnu-tools-for-stm32.9-2020-q2-update.win32_2.0.0.202105311346/tools/bin/../lib/gcc/arm-none-eabi/9.3.1/../../../../arm-none-eabi/lib/thumb/v7-m/nofp/crt0.o
 .data          0x0000000000000000        0x0 c:/st/stm32cubeide_1.7.0/stm32cubeide/plugins/com.st.stm32cube.ide.mcu.externaltools.gnu-tools-for-stm32.9-2020-q2-update.win32_2.0.0.202105311346/tools/bin/../lib/gcc/arm-none-eabi/9.3.1/../../../../arm-none-eabi/lib/thumb/v7-m/nofp/crt0.o
 .bss           0x0000000000000000        0x0 c:/st/stm32cubeide_1.7.0/stm32cubeide/plugins/com.st.stm32cube.ide.mcu.externaltools.gnu-tools-for-stm32.9-2020-q2-update.win32_2.0.0.202105311346/tools/bin/../lib/gcc/arm-none-eabi/9.3.1/../../../../arm-none-eabi/lib/thumb/v7-m/nofp/crt0.o
[...]
Memory Configuration

Name             Origin             Length             Attributes
RAM              0x0000000020000000 0x0000000000002800 xrw
FLASH            0x0000000008000000 0x0000000000008000 xr
*default*        0x0000000000000000 0xffffffffffffffff

Linker script and memory map

LOAD c:/st/stm32cubeide_1.7.0/stm32cubeide/plugins/com.st.stm32cube.ide.mcu.externaltools.gnu-tools-for-stm32.9-2020-q2-update.win32_2.0.0.202105311346/tools/bin/../lib/gcc/arm-none-eabi/9.3.1/thumb/v7-m/nofp/crti.o
LOAD c:/st/stm32cubeide_1.7.0/stm32cubeide/plugins/com.st.stm32cube.ide.mcu.externaltools.gnu-tools-for-stm32.9-2020-q2-update.win32_2.0.0.202105311346/tools/bin/../lib/gcc/arm-none-eabi/9.3.1/thumb/v7-m/nofp/crtbegin.o
LOAD c:/st/stm32cubeide_1.7.0/stm32cubeide/plugins/com.st.stm32cube.ide.mcu.externaltools.gnu-tools-for-stm32.9-2020-q2-update.win32_2.0.0.202105311346/tools/bin/../lib/gcc/arm-none-eabi/9.3.1/../../../../arm-none-eabi/lib/thumb/v7-m/nofp/crt0.o
LOAD ./Core/Src/button.o
LOAD ./Core/Src/fsm_automatic.o
LOAD ./Core/Src/fsm_manual.o
LOAD ./Core/Src/fsm_setting.o
LOAD ./Core/Src/global.o
LOAD ./Core/Src/led7_segment.o
LOAD ./Core/Src/main.o
LOAD ./Core/Src/software_timer.o
LOAD ./Core/Src/stm32f1xx_hal_msp.o
LOAD ./Core/Src/stm32f1xx_it.o
LOAD ./Core/Src/syscalls.o
LOAD ./Core/Src/sysmem.o
LOAD ./Core/Src/system_stm32f1xx.o
LOAD ./Core/Src/traffic.o
LOAD ./Core/Startup/startup_stm32f103c6ux.o
LOAD ./Drivers/STM32F1xx_HAL_Driver/Src/stm32f1xx_hal.o
LOAD ./Drivers/STM32F1xx_HAL_Driver/Src/stm32f1xx_hal_cortex.o
LOAD ./Drivers/STM32F1xx_HAL_Driver/Src/stm32f1xx_hal_dma.o
LOAD ./Drivers/STM32F1xx_HAL_Driver/Src/stm32f1xx_hal_exti.o
LOAD ./Drivers/STM32F1xx_HAL_Driver/Src/stm32f1xx_hal_flash.o
LOAD ./Drivers/STM32F1xx_HAL_Driver/Src/stm32f1xx_hal_flash_ex.o
LOAD ./Drivers/STM32F1xx_HAL_Driver/Src/stm32f1xx_hal_gpio.o
LOAD ./Drivers/STM32F1xx_HAL_Driver/Src/stm32f1xx_hal_gpio_ex.o
LOAD ./Drivers/STM32F1xx_HAL_Driver/Src/stm32f1xx_hal_pwr.o
LOAD ./Drivers/STM32F1xx_HAL_Driver/Src/stm32f1xx_hal_rcc.o
LOAD ./Drivers/STM32F1xx_HAL_Driver/Src/stm32f1xx_hal_rcc_ex.o
LOAD ./Drivers/STM32F1xx_HAL_Driver/Src/stm32f1xx_hal_tim.o
LOAD ./Drivers/STM32F1xx_HAL_Driver/Src/stm32f1xx_hal_tim_ex.o
START GROUP
LOAD c:/st/stm32cubeide_1.7.0/stm32cubeide/plugins/com.st.stm32cube.ide.mcu.externaltools.gnu-tools-for-stm32.9-2020-q2-update.win32_2.0.0.202105311346/tools/bin/../lib/gcc/arm-none-eabi/9.3.1/../../../../arm-none-eabi/lib/thumb/v7-m/nofp\libc_nano.a
LOAD c:/st/stm32cubeide_1.7.0/stm32cubeide/plugins/com.st.stm32cube.ide.mcu.externaltools.gnu-tools-for-stm32.9-2020-q2-update.win32_2.0.0.202105311346/tools/bin/../lib/gcc/arm-none-eabi/9.3.1/../../../../arm-none-eabi/lib/thumb/v7-m/nofp\libm.a
END GROUP
START GROUP
LOAD c:/st/stm32cubeide_1.7.0/stm32cubeide/plugins/com.st.stm32cube.ide.mcu.externaltools.gnu-tools-for-stm32.9-2020-q2-update.win32_2.0.0.202105311346/tools/bin/../lib/gcc/arm-none-eabi/9.3.1/thumb/v7-m/nofp\libgcc.a
LOAD c:/st/stm32cubeide_1.7.0/stm32cubeide/plugins/com.st.stm32cube.ide.mcu.externaltools.gnu-tools-for-stm32.9-2020-q2-update.win32_2.0.0.202105311346/tools/bin/../lib/gcc/arm-none-eabi/9.3.1/../../../../arm-none-eabi/lib/thumb/v7-m/nofp\libc_nano.a
END GROUP
START GROUP
LOAD c:/st/stm32cubeide_1.7.0/stm32cubeide/plugins/com.st.stm32cube.ide.mcu.externaltools.gnu-tools-for-stm32.9-2020-q2-update.win32_2.0.0.202105311346/tools/bin/../lib/gcc/arm-none-eabi/9.3.1/thumb/v7-m/nofp\libgcc.a
LOAD c:/st/stm32cubeide_1.7.0/stm32cubeide/plugins/com.st.stm32cube.ide.mcu.externaltools.gnu-tools-for-stm32.9-2020-q2-update.win32_2.0.0.202105311346/tools/bin/../lib/gcc/arm-none-eabi/9.3.1/../../../../arm-none-eabi/lib/thumb/v7-m/nofp\libc_nano.a
LOAD c:/st/stm32cubeide_1.7.0/stm32cubeide/plugins/com.st.stm32cube.ide.mcu.externaltools.gnu-tools-for-stm32.9-2020-q2-update.win32_2.0.0.202105311346/tools/bin/../lib/gcc/arm-none-eabi/9.3.1/../../../../arm-none-eabi/lib/thumb/v7-m/nofp\libnosys.a
END GROUP
START GROUP
LOAD c:/st/stm32cubeide_1.7.0/stm32cubeide/plugins/com.st.stm32cube.ide.mcu.externaltools.gnu-tools-for-stm32.9-2020-q2-update.win32_2.0.0.202105311346/tools/bin/../lib/gcc/arm-none-eabi/9.3.1/thumb/v7-m/nofp\libgcc.a
LOAD c:/st/stm32cubeide_1.7.0/stm32cubeide/plugins/com.st.stm32cube.ide.mcu.externaltools.gnu-tools-for-stm32.9-2020-q2-update.win32_2.0.0.202105311346/tools/bin/../lib/gcc/arm-none-eabi/9.3.1/../../../../arm-none-eabi/lib/thumb/v7-m/nofp\libc_nano.a
LOAD c:/st/stm32cubeide_1.7.0/stm32cubeide/plugins/com.st.stm32cube.ide.mcu.externaltools.gnu-tools-for-stm32.9-2020-q2-update.win32_2.0.0.202105311346/tools/bin/../lib/gcc/arm-none-eabi/9.3.1/../../../../arm-none-eabi/lib/thumb/v7-m/nofp\libnosys.a
END GROUP
LOAD c:/st/stm32cubeide_1.7.0/stm32cubeide/plugins/com.st.stm32cube.ide.mcu.externaltools.gnu-tools-for-stm32.9-2020-q2-update.win32_2.0.0.202105311346/tools/bin/../lib/gcc/arm-none-eabi/9.3.1/thumb/v7-m/nofp/crtend.o
LOAD c:/st/stm32cubeide_1.7.0/stm32cubeide/plugins/com.st.stm32cube.ide.mcu.externaltools.gnu-tools-for-stm32.9-2020-q2-update.win32_2.0.0.202105311346/tools/bin/../lib/gcc/arm-none-eabi/9.3.1/thumb/v7-m/nofp/crtn.o
                0x0000000020002800                _estack = (ORIGIN (RAM) + LENGTH (RAM))
                0x0000000000000200                _Min_Heap_Size = 0x200
                0x0000000000000400                _Min_Stack_Size = 0x400

.isr_vector     0x0000000008000000      0x10c
                0x0000000008000000                . = ALIGN (0x4)
 *(.isr_vector)
 .isr_vector    0x0000000008000000      0x10c ./Core/Startup/startup_stm32f103c6ux.o
                0x0000000008000000                g_pfnVectors
                0x000000000800010c                . = ALIGN (0x4)

.text           0x000000000800010c     0x2b80
                0x000000000800010c                . = ALIGN (0x4)
 *(.text)
 .text          0x000000000800010c       0x40 c:/st/stm32cubeide_1.7.0/stm32cubeide/plugins/com.st.stm32cube.ide.mcu.externaltools.gnu-tools-for-stm32.9-2020-q2-update.win32_2.0.0.202105311346/tools/bin/../lib/gcc/arm-none-eabi/9.3.1/thumb/v7-m/nofp/crtbegin.o
 *(.text*)
 .text.isButtonPressed
                0x000000000800014c       0x34 ./Core/Src/button.o
                0x000000000800014c                isButtonPressed
 .text.isButtonLongPressed
                0x0000000008000180       0x34 ./Core/Src/button.o
                0x0000000008000180                isButtonLongPressed
 .text.getKeyInput
                0x00000000080001b4      0x184 ./Core/Src/button.o
                0x00000000080001b4                getKeyInput
 .text.fsm_automatic_run
                0x0000000008000338      0x504 ./Core/Src/fsm_automatic.o
                0x0000000008000338                fsm_automatic_run
 .text.fsm_setting_run
                0x000000000800083c      0x3e0 ./Core/Src/fsm_setting.o
                0x000000000800083c                fsm_setting_run
 .text.set_tmp_duration
                0x0000000008000c1c       0x3c ./Core/Src/global.o
                0x0000000008000c1c                set_tmp_duration
 .text.clear_all
                0x0000000008000c58       0x10 ./Core/Src/global.o
                0x0000000008000c58                clear_all
 .text.display_number_vertical
                0x0000000008000c68       0xb8 ./Core/Src/led7_segment.o
                0x0000000008000c68                display_number_vertical
 .text.display_number_horizontal
                0x0000000008000d20       0xc4 ./Core/Src/led7_segment.o
                0x0000000008000d20                display_number_horizontal
 .text.enable_horizontal
                0x0000000008000de4       0x50 ./Core/Src/led7_segment.o
                0x0000000008000de4                enable_horizontal
 .text.enable_vertical
                0x0000000008000e34       0x50 ./Core/Src/led7_segment.o
                0x0000000008000e34                enable_vertical
 .text.clear_all_7seg
                0x0000000008000e84       0x34 ./Core/Src/led7_segment.o
                0x0000000008000e84                clear_all_7seg
 .text.update_7seg_horizontal
                0x0000000008000eb8       0x48 ./Core/Src/led7_segment.o
                0x0000000008000eb8                update_7seg_horizontal
 .text.update_7seg_vertical
                0x0000000008000f00       0x48 ./Core/Src/led7_segment.o
                0x0000000008000f00                update_7seg_vertical
 .text.update_buffer_horizontal
                0x0000000008000f48       0x4c ./Core/Src/led7_segment.o
                0x0000000008000f48                update_buffer_horizontal
 .text.update_buffer_vertical
                0x0000000008000f94       0x4c ./Core/Src/led7_segment.o
                0x0000000008000f94                update_buffer_vertical
 .text.main     0x0000000008000fe0       0x30 ./Core/Src/main.o
                0x0000000008000fe0                main
 .text.SystemClock_Config
                0x0000000008001010       0x76 ./Core/Src/main.o
                0x0000000008001010                SystemClock_Config
 *fill*         0x0000000008001086        0x2 
 .text.MX_TIM2_Init
                0x0000000008001088       0x98 ./Core/Src/main.o
 .text.MX_GPIO_Init
                0x0000000008001120       0xe0 ./Core/Src/main.o
 .text.HAL_TIM_PeriodElapsedCallback
                0x0000000008001200       0x18 ./Core/Src/main.o
                0x0000000008001200                HAL_TIM_PeriodElapsedCallback
 .text.Error_Handler
                0x0000000008001218        0xa ./Core/Src/main.o
                0x0000000008001218                Error_Handler
 *fill*         0x0000000008001222        0x2 
 .text.setTimer
                0x0000000008001224       0x40 ./Core/Src/software_timer.o
                0x0000000008001224                setTimer
 .text.timerRun
                0x0000000008001264       0x60 ./Core/Src/software_timer.o
                0x0000000008001264                timerRun
 .text.HAL_MspInit
                0x00000000080012c4       0x64 ./Core/Src/stm32f1xx_hal_msp.o
                0x00000000080012c4                HAL_MspInit
 .text.HAL_TIM_Base_MspInit
                0x0000000008001328       0x48 ./Core/Src/stm32f1xx_hal_msp.o
                0x0000000008001328                HAL_TIM_Base_MspInit
 .text.NMI_Handler
                0x0000000008001370        0x6 ./Core/Src/stm32f1xx_it.o
                0x0000000008001370                NMI_Handler
 .text.HardFault_Handler
                0x0000000008001376        0x6 ./Core/Src/stm32f1xx_it.o
                0x0000000008001376                HardFault_Handler
 .text.MemManage_Handler
                0x000000000800137c        0x6 ./Core/Src/stm32f1xx_it.o
                0x000000000800137c                MemManage_Handler
 .text.BusFault_Handler
                0x0000000008001382        0x6 ./Core/Src/stm32f1xx_it.o
                0x0000000008001382                BusFault_Handler
 .text.UsageFault_Handler
                0x0000000008001388        0x6 ./Core/Src/stm32f1xx_it.o
                0x0000000008001388                UsageFault_Handler
 .text.SVC_Handler
                0x000000000800138e        0xc ./Core/Src/stm32f1xx_it.o
                0x000000000800138e                SVC_Handler
 .text.DebugMon_Handler
                0x000000000800139a        0xc ./Core/Src/stm32f1xx_it.o
                0x000000000800139a                DebugMon_Handler
 .text.PendSV_Handler
                0x00000000080013a6        0xc ./Core/Src/stm32f1xx_it.o
                0x00000000080013a6                PendSV_Handler
 .text.SysTick_Handler
                0x00000000080013b2        0xc ./Core/Src/stm32f1xx_it.o
                0x00000000080013b2                SysTick_Handler
 *fill*         0x00000000080013be        0x2 
 .text.TIM2_IRQHandler
                0x00000000080013c0       0x14 ./Core/Src/stm32f1xx_it.o
                0x00000000080013c0                TIM2_IRQHandler
 .text.SystemInit
                0x00000000080013d4        0xc ./Core/Src/system_stm32f1xx.o
                0x00000000080013d4                SystemInit
 .text.clear_all_led
                0x00000000080013e0       0x48 ./Core/Src/traffic.o
                0x00000000080013e0                clear_all_led
 .text.red_on_vertical
                0x0000000008001428       0x2c ./Core/Src/traffic.o
                0x0000000008001428                red_on_vertical
 .text.green_on_vertical
                0x0000000008001454       0x2c ./Core/Src/traffic.o
                0x0000000008001454                green_on_vertical
 .text.yellow_on_vertical
                0x0000000008001480       0x2c ./Core/Src/traffic.o
                0x0000000008001480                yellow_on_vertical
 .text.red_on_horizontal
                0x00000000080014ac       0x2c ./Core/Src/traffic.o
                0x00000000080014ac                red_on_horizontal
 .text.green_on_horizontal
                0x00000000080014d8       0x2c ./Core/Src/traffic.o
                0x00000000080014d8                green_on_horizontal
 .text.yellow_on_horizontal
                0x0000000008001504       0x2c ./Core/Src/traffic.o
                0x0000000008001504                yellow_on_horizontal
 .text.custom_red_mode
                0x0000000008001530       0x44 ./Core/Src/traffic.o
                0x0000000008001530                custom_red_mode
 .text.custom_green_mode
                0x0000000008001574       0x44 ./Core/Src/traffic.o
                0x0000000008001574                custom_green_mode
 .text.custom_yellow_mode
                0x00000000080015b8       0x44 ./Core/Src/traffic.o
                0x00000000080015b8                custom_yellow_mode
 .text.Reset_Handler
                0x00000000080015fc       0x48 ./Core/Startup/startup_stm32f103c6ux.o
                0x00000000080015fc                Reset_Handler
 .text.Default_Handler
                0x0000000008001644        0x2 ./Core/Startup/startup_stm32f103c6ux.o
                0x0000000008001644                RTC_Alarm_IRQHandler
                0x0000000008001644                EXTI2_IRQHandler
                0x0000000008001644                TIM1_CC_IRQHandler
                0x0000000008001644                PVD_IRQHandler
                0x0000000008001644                EXTI3_IRQHandler
                0x0000000008001644                EXTI0_IRQHandler
                0x0000000008001644                ADC1_2_IRQHandler
                0x0000000008001644                SPI1_IRQHandler
                0x0000000008001644                TAMPER_IRQHandler
                0x0000000008001644                DMA1_Channel4_IRQHandler
                0x0000000008001644                RTC_IRQHandler
                0x0000000008001644                DMA1_Channel7_IRQHandler
                0x0000000008001644                CAN1_RX1_IRQHandler
                0x0000000008001644                I2C1_EV_IRQHandler
                0x0000000008001644                DMA1_Channel6_IRQHandler
                0x0000000008001644                TIM3_IRQHandler
                0x0000000008001644                RCC_IRQHandler
                0x0000000008001644                TIM1_TRG_COM_IRQHandler
                0x0000000008001644                DMA1_Channel1_IRQHandler
                0x0000000008001644                Default_Handler
                0x0000000008001644                EXTI15_10_IRQHandler
                0x0000000008001644                EXTI9_5_IRQHandler
                0x0000000008001644                DMA1_Channel5_IRQHandler
                0x0000000008001644                EXTI4_IRQHandler
                0x0000000008001644                USB_LP_CAN1_RX0_IRQHandler
                0x0000000008001644                USB_HP_CAN1_TX_IRQHandler
                0x0000000008001644                DMA1_Channel3_IRQHandler
                0x0000000008001644                TIM1_UP_IRQHandler
                0x0000000008001644                WWDG_IRQHandler
                0x0000000008001644                TIM1_BRK_IRQHandler
                0x0000000008001644                EXTI1_IRQHandler
                0x0000000008001644                USART2_IRQHandler
                0x0000000008001644                DMA1_Channel2_IRQHandler
                0x0000000008001644                CAN1_SCE_IRQHandler
                0x0000000008001644                FLASH_IRQHandler
                0x0000000008001644                USART1_IRQHandler
                0x0000000008001644                I2C1_ER_IRQHandler
                0x0000000008001644                USBWakeUp_IRQHandler
 *fill*         0x0000000008001646        0x2 
 .text.HAL_Init
                0x0000000008001648       0x2c ./Drivers/STM32F1xx_HAL_Driver/Src/stm32f1xx_hal.o
                0x0000000008001648                HAL_Init
 .text.HAL_InitTick
                0x0000000008001674       0x60 ./Drivers/STM32F1xx_HAL_Driver/Src/stm32f1xx_hal.o
                0x0000000008001674                HAL_InitTick
 .text.HAL_IncTick
                0x00000000080016d4       0x24 ./Drivers/STM32F1xx_HAL_Driver/Src/stm32f1xx_hal.o
                0x00000000080016d4                HAL_IncTick
 .text.HAL_GetTick
                0x00000000080016f8       0x14 ./Drivers/STM32F1xx_HAL_Driver/Src/stm32f1xx_hal.o
                0x00000000080016f8                HAL_GetTick
 .text.__NVIC_SetPriorityGrouping
                0x000000000800170c       0x48 ./Drivers/STM32F1xx_HAL_Driver/Src/stm32f1xx_hal_cortex.o
 .text.__NVIC_GetPriorityGrouping
                0x0000000008001754       0x1c ./Drivers/STM32F1xx_HAL_Driver/Src/stm32f1xx_hal_cortex.o
 .text.__NVIC_EnableIRQ
                0x0000000008001770       0x38 ./Drivers/STM32F1xx_HAL_Driver/Src/stm32f1xx_hal_cortex.o
 .text.__NVIC_SetPriority
                0x00000000080017a8       0x54 ./Drivers/STM32F1xx_HAL_Driver/Src/stm32f1xx_hal_cortex.o
 .text.NVIC_EncodePriority
                0x00000000080017fc       0x64 ./Drivers/STM32F1xx_HAL_Driver/Src/stm32f1xx_hal_cortex.o
 .text.SysTick_Config
                0x0000000008001860       0x44 ./Drivers/STM32F1xx_HAL_Driver/Src/stm32f1xx_hal_cortex.o
 .text.HAL_NVIC_SetPriorityGrouping
                0x00000000080018a4       0x16 ./Drivers/STM32F1xx_HAL_Driver/Src/stm32f1xx_hal_cortex.o
                0x00000000080018a4                HAL_NVIC_SetPriorityGrouping
 .text.HAL_NVIC_SetPriority
                0x00000000080018ba       0x38 ./Drivers/STM32F1xx_HAL_Driver/Src/stm32f1xx_hal_cortex.o
                0x00000000080018ba                HAL_NVIC_SetPriority
 .text.HAL_NVIC_EnableIRQ
                0x00000000080018f2       0x1c ./Drivers/STM32F1xx_HAL_Driver/Src/stm32f1xx_hal_cortex.o
                0x00000000080018f2                HAL_NVIC_EnableIRQ
 .text.HAL_SYSTICK_Config
                0x000000000800190e       0x18 ./Drivers/STM32F1xx_HAL_Driver/Src/stm32f1xx_hal_cortex.o
                0x000000000800190e                HAL_SYSTICK_Config
 *fill*         0x0000000008001926        0x2 
 .text.HAL_GPIO_Init
                0x0000000008001928      0x2f4 ./Drivers/STM32F1xx_HAL_Driver/Src/stm32f1xx_hal_gpio.o
                0x0000000008001928                HAL_GPIO_Init
 .text.HAL_GPIO_ReadPin
                0x0000000008001c1c       0x2e ./Drivers/STM32F1xx_HAL_Driver/Src/stm32f1xx_hal_gpio.o
                0x0000000008001c1c                HAL_GPIO_ReadPin
 .text.HAL_GPIO_WritePin
                0x0000000008001c4a       0x30 ./Drivers/STM32F1xx_HAL_Driver/Src/stm32f1xx_hal_gpio.o
                0x0000000008001c4a                HAL_GPIO_WritePin
 .text.HAL_GPIO_TogglePin
                0x0000000008001c7a       0x32 ./Drivers/STM32F1xx_HAL_Driver/Src/stm32f1xx_hal_gpio.o
                0x0000000008001c7a                HAL_GPIO_TogglePin
 .text.HAL_RCC_OscConfig
                0x0000000008001cac      0x500 ./Drivers/STM32F1xx_HAL_Driver/Src/stm32f1xx_hal_rcc.o
                0x0000000008001cac                HAL_RCC_OscConfig
 .text.HAL_RCC_ClockConfig
                0x00000000080021ac      0x1d4 ./Drivers/STM32F1xx_HAL_Driver/Src/stm32f1xx_hal_rcc.o
                0x00000000080021ac                HAL_RCC_ClockConfig
 .text.HAL_RCC_GetSysClockFreq
                0x0000000008002380       0xa8 ./Drivers/STM32F1xx_HAL_Driver/Src/stm32f1xx_hal_rcc.o
                0x0000000008002380                HAL_RCC_GetSysClockFreq
 .text.RCC_Delay
                0x0000000008002428       0x3c ./Drivers/STM32F1xx_HAL_Driver/Src/stm32f1xx_hal_rcc.o
 .text.HAL_TIM_Base_Init
                0x0000000008002464       0x9e ./Drivers/STM32F1xx_HAL_Driver/Src/stm32f1xx_hal_tim.o
                0x0000000008002464                HAL_TIM_Base_Init
 *fill*         0x0000000008002502        0x2 
 .text.HAL_TIM_Base_Start_IT
                0x0000000008002504       0x98 ./Drivers/STM32F1xx_HAL_Driver/Src/stm32f1xx_hal_tim.o
                0x0000000008002504                HAL_TIM_Base_Start_IT
 .text.HAL_TIM_IRQHandler
                0x000000000800259c      0x1e0 ./Drivers/STM32F1xx_HAL_Driver/Src/stm32f1xx_hal_tim.o
                0x000000000800259c                HAL_TIM_IRQHandler
 .text.HAL_TIM_ConfigClockSource
                0x000000000800277c      0x18e ./Drivers/STM32F1xx_HAL_Driver/Src/stm32f1xx_hal_tim.o
                0x000000000800277c                HAL_TIM_ConfigClockSource
 .text.HAL_TIM_OC_DelayElapsedCallback
                0x000000000800290a       0x12 ./Drivers/STM32F1xx_HAL_Driver/Src/stm32f1xx_hal_tim.o
                0x000000000800290a                HAL_TIM_OC_DelayElapsedCallback
 .text.HAL_TIM_IC_CaptureCallback
                0x000000000800291c       0x12 ./Drivers/STM32F1xx_HAL_Driver/Src/stm32f1xx_hal_tim.o
                0x000000000800291c                HAL_TIM_IC_CaptureCallback
 .text.HAL_TIM_PWM_PulseFinishedCallback
                0x000000000800292e       0x12 ./Drivers/STM32F1xx_HAL_Driver/Src/stm32f1xx_hal_tim.o
                0x000000000800292e                HAL_TIM_PWM_PulseFinishedCallback
 .text.HAL_TIM_TriggerCallback
                0x0000000008002940       0x12 ./Drivers/STM32F1xx_HAL_Driver/Src/stm32f1xx_hal_tim.o
                0x0000000008002940                HAL_TIM_TriggerCallback
 *fill*         0x0000000008002952        0x2 
 .text.TIM_Base_SetConfig
                0x0000000008002954       0xc8 ./Drivers/STM32F1xx_HAL_Driver/Src/stm32f1xx_hal_tim.o
                0x0000000008002954                TIM_Base_SetConfig
 .text.TIM_TI1_ConfigInputStage
                0x0000000008002a1c       0x5c ./Drivers/STM32F1xx_HAL_Driver/Src/stm32f1xx_hal_tim.o
 .text.TIM_TI2_ConfigInputStage
                0x0000000008002a78       0x5e ./Drivers/STM32F1xx_HAL_Driver/Src/stm32f1xx_hal_tim.o
 .text.TIM_ITRx_SetConfig
                0x0000000008002ad6       0x34 ./Drivers/STM32F1xx_HAL_Driver/Src/stm32f1xx_hal_tim.o
 .text.TIM_ETR_SetConfig
                0x0000000008002b0a       0x3e ./Drivers/STM32F1xx_HAL_Driver/Src/stm32f1xx_hal_tim.o
                0x0000000008002b0a                TIM_ETR_SetConfig
 .text.HAL_TIMEx_MasterConfigSynchronization
                0x0000000008002b48       0xb0 ./Drivers/STM32F1xx_HAL_Driver/Src/stm32f1xx_hal_tim_ex.o
                0x0000000008002b48                HAL_TIMEx_MasterConfigSynchronization
 .text.HAL_TIMEx_CommutCallback
                0x0000000008002bf8       0x12 ./Drivers/STM32F1xx_HAL_Driver/Src/stm32f1xx_hal_tim_ex.o
                0x0000000008002bf8                HAL_TIMEx_CommutCallback
 .text.HAL_TIMEx_BreakCallback
                0x0000000008002c0a       0x12 ./Drivers/STM32F1xx_HAL_Driver/Src/stm32f1xx_hal_tim_ex.o
                0x0000000008002c0a                HAL_TIMEx_BreakCallback
 .text.__libc_init_array
                0x0000000008002c1c       0x48 c:/st/stm32cubeide_1.7.0/stm32cubeide/plugins/com.st.stm32cube.ide.mcu.externaltools.gnu-tools-for-stm32.9-2020-q2-update.win32_2.0.0.202105311346/tools/bin/../lib/gcc/arm-none-eabi/9.3.1/../../../../arm-none-eabi/lib/thumb/v7-m/nofp\libc_nano.a(lib_a-init.o)
                0x0000000008002c1c                __libc_init_array
 .text.memset   0x0000000008002c64       0x10 c:/st/stm32cubeide_1.7.0/stm32cubeide/plugins/com.st.stm32cube.ide.mcu.externaltools.gnu-tools-for-stm32.9-2020-q2-update.win32_2.0.0.202105311346/tools/bin/../lib/gcc/arm-none-eabi/9.3.1/../../../../arm-none-eabi/lib/thumb/v7-m/nofp\libc_nano.a(lib_a-memset.o)
                0x0000000008002c64                memset
 *(.glue_7)
 .glue_7        0x0000000008002c74        0x0 linker stubs
 *(.glue_7t)
 .glue_7t       0x0000000008002c74        0x0 linker stubs
 *(.eh_frame)
 .eh_frame      0x0000000008002c74        0x0 c:/st/stm32cubeide_1.7.0/stm32cubeide/plugins/com.st.stm32cube.ide.mcu.externaltools.gnu-tools-for-stm32.9-2020-q2-update.win32_2.0.0.202105311346/tools/bin/../lib/gcc/arm-none-eabi/9.3.1/thumb/v7-m/nofp/crtbegin.o
 *(.init)
 .init          0x0000000008002c74        0x4 c:/st/stm32cubeide_1.7.0/stm32cubeide/plugins/com.st.stm32cube.ide.mcu.externaltools.gnu-tools-for-stm32.9-2020-q2-update.win32_2.0.0.202105311346/tools/bin/../lib/gcc/arm-none-eabi/9.3.1/thumb/v7-m/nofp/crti.o
                0x0000000008002c74                _init
 .init          0x0000000008002c78        0x8 c:/st/stm32cubeide_1.7.0/stm32cubeide/plugins/com.st.stm32cube.ide.mcu.externaltools.gnu-tools-for-stm32.9-2020-q2-update.win32_2.0.0.202105311346/tools/bin/../lib/gcc/arm-none-eabi/9.3.1/thumb/v7-m/nofp/crtn.o
 *(.fini)
 .fini          0x0000000008002c80        0x4 c:/st/stm32cubeide_1.7.0/stm32cubeide/plugins/com.st.stm32cube.ide.mcu.externaltools.gnu-tools-for-stm32.9-2020-q2-update.win32_2.0.0.202105311346/tools/bin/../lib/gcc/arm-none-eabi/9.3.1/thumb/v7-m/nofp/crti.o
                0x0000000008002c80                _fini
 .fini          0x0000000008002c84        0x8 c:/st/stm32cubeide_1.7.0/stm32cubeide/plugins/com.st.stm32cube.ide.mcu.externaltools.gnu-tools-for-stm32.9-2020-q2-update.win32_2.0.0.202105311346/tools/bin/../lib/gcc/arm-none-eabi/9.3.1/thumb/v7-m/nofp/crtn.o
                0x0000000008002c8c                . = ALIGN (0x4)
                0x0000000008002c8c                _etext = .

.vfp11_veneer   0x0000000008002c8c        0x0
 .vfp11_veneer  0x0000000008002c8c        0x0 linker stubs

.v4_bx          0x0000000008002c8c        0x0
 .v4_bx         0x0000000008002c8c        0x0 linker stubs

.iplt           0x0000000008002c8c        0x0
 .iplt          0x0000000008002c8c        0x0 c:/st/stm32cubeide_1.7.0/stm32cubeide/plugins/com.st.stm32cube.ide.mcu.externaltools.gnu-tools-for-stm32.9-2020-q2-update.win32_2.0.0.202105311346/tools/bin/../lib/gcc/arm-none-eabi/9.3.1/thumb/v7-m/nofp/crtbegin.o

.rodata         0x0000000008002c8c       0x24
                0x0000000008002c8c                . = ALIGN (0x4)
 *(.rodata)
 *(.rodata*)
 .rodata.AHBPrescTable
                0x0000000008002c8c       0x10 ./Core/Src/system_stm32f1xx.o
                0x0000000008002c8c                AHBPrescTable
 .rodata.aPLLMULFactorTable.6032
                0x0000000008002c9c       0x10 ./Drivers/STM32F1xx_HAL_Driver/Src/stm32f1xx_hal_rcc.o
 .rodata.aPredivFactorTable.6033
                0x0000000008002cac        0x2 ./Drivers/STM32F1xx_HAL_Driver/Src/stm32f1xx_hal_rcc.o
                0x0000000008002cb0                . = ALIGN (0x4)
 *fill*         0x0000000008002cae        0x2 

.rel.dyn        0x0000000008002cb0        0x0
 .rel.iplt      0x0000000008002cb0        0x0 c:/st/stm32cubeide_1.7.0/stm32cubeide/plugins/com.st.stm32cube.ide.mcu.externaltools.gnu-tools-for-stm32.9-2020-q2-update.win32_2.0.0.202105311346/tools/bin/../lib/gcc/arm-none-eabi/9.3.1/thumb/v7-m/nofp/crtbegin.o

.ARM.extab      0x0000000008002cb0        0x0
                0x0000000008002cb0                . = ALIGN (0x4)
 *(.ARM.extab* .gnu.linkonce.armextab.*)
                0x0000000008002cb0                . = ALIGN (0x4)

.ARM            0x0000000008002cb0        0x0
                0x0000000008002cb0                . = ALIGN (0x4)
                0x0000000008002cb0                __exidx_start = .
 *(.ARM.exidx*)
                0x0000000008002cb0                __exidx_end = .
                0x0000000008002cb0                . = ALIGN (0x4)

.preinit_array  0x0000000008002cb0        0x0
                0x0000000008002cb0                . = ALIGN (0x4)
                0x0000000008002cb0                PROVIDE (__preinit_array_start = .)
 *(.preinit_array*)
                0x0000000008002cb0                PROVIDE (__preinit_array_end = .)
                0x0000000008002cb0                . = ALIGN (0x4)

.init_array     0x0000000008002cb0        0x4
                0x0000000008002cb0                . = ALIGN (0x4)
                0x0000000008002cb0                PROVIDE (__init_array_start = .)
 *(SORT_BY_NAME(.init_array.*))
 *(.init_array*)
 .init_array    0x0000000008002cb0        0x4 c:/st/stm32cubeide_1.7.0/stm32cubeide/plugins/com.st.stm32cube.ide.mcu.externaltools.gnu-tools-for-stm32.9-2020-q2-update.win32_2.0.0.202105311346/tools/bin/../lib/gcc/arm-none-eabi/9.3.1/thumb/v7-m/nofp/crtbegin.o
                0x0000000008002cb4                PROVIDE (__init_array_end = .)
                0x0000000008002cb4                . = ALIGN (0x4)

.fini_array     0x0000000008002cb4        0x4
                0x0000000008002cb4                . = ALIGN (0x4)
                [!provide]                        PROVIDE (__fini_array_start = .)
 *(SORT_BY_NAME(.fini_array.*))
 *(.fini_array*)
 .fini_array    0x0000000008002cb4        0x4 c:/st/stm32cubeide_1.7.0/stm32cubeide/plugins/com.st.stm32cube.ide.mcu.externaltools.gnu-tools-for-stm32.9-2020-q2-update.win32_2.0.0.202105311346/tools/bin/../lib/gcc/arm-none-eabi/9.3.1/thumb/v7-m/nofp/crtbegin.o
                [!provide]                        PROVIDE (__fini_array_end = .)
                0x0000000008002cb8                . = ALIGN (0x4)
                0x0000000008002cb8                _sidata = LOADADDR (.data)

.data           0x0000000020000000       0x88 load address 0x0000000008002cb8
                0x0000000020000000                . = ALIGN (0x4)
                0x0000000020000000                _sdata = .
 *(.data)
 *(.data*)
 .data.KeyReg0  0x0000000020000000       0x10 ./Core/Src/button.o
                0x0000000020000000                KeyReg0
 .data.KeyReg1  0x0000000020000010       0x10 ./Core/Src/button.o
                0x0000000020000010                KeyReg1
 .data.KeyReg2  0x0000000020000020       0x10 ./Core/Src/button.o
                0x0000000020000020                KeyReg2
 .data.KeyReg3  0x0000000020000030       0x10 ./Core/Src/button.o
                0x0000000020000030                KeyReg3
 .data.status_horizontal_traffic
                0x0000000020000040        0x4 ./Core/Src/global.o
                0x0000000020000040                status_horizontal_traffic
 .data.status_vertical_traffic
                0x0000000020000044        0x4 ./Core/Src/global.o
                0x0000000020000044                status_vertical_traffic
 .data.red_duration
                0x0000000020000048        0x4 ./Core/Src/global.o
                0x0000000020000048                red_duration
 .data.green_duration
                0x000000002000004c        0x4 ./Core/Src/global.o
                0x000000002000004c                green_duration
 .data.yellow_duration
                0x0000000020000050        0x4 ./Core/Src/global.o
                0x0000000020000050                yellow_duration
 .data.led_buffer_horizontal
                0x0000000020000054        0x8 ./Core/Src/global.o
                0x0000000020000054                led_buffer_horizontal
 .data.led_buffer_vertical
                0x000000002000005c        0x8 ./Core/Src/global.o
                0x000000002000005c                led_buffer_vertical
 .data.counter_horizontal
                0x0000000020000064        0x4 ./Core/Src/global.o
                0x0000000020000064                counter_horizontal
 .data.counter_vertical
                0x0000000020000068        0x4 ./Core/Src/global.o
                0x0000000020000068                counter_vertical
 .data.time_scan_7seg
                0x000000002000006c        0x4 ./Core/Src/global.o
                0x000000002000006c                time_scan_7seg
 .data.seg      0x0000000020000070        0xa ./Core/Src/led7_segment.o
                0x0000000020000070                seg
 *fill*         0x000000002000007a        0x2 
 .data.SystemCoreClock
                0x000000002000007c        0x4 ./Core/Src/system_stm32f1xx.o
                0x000000002000007c                SystemCoreClock
 .data.uwTickPrio
                0x0000000020000080        0x4 ./Drivers/STM32F1xx_HAL_Driver/Src/stm32f1xx_hal.o
                0x0000000020000080                uwTickPrio
 .data.uwTickFreq
                0x0000000020000084        0x1 ./Drivers/STM32F1xx_HAL_Driver/Src/stm32f1xx_hal.o
                0x0000000020000084                uwTickFreq
 *(.RamFunc)
 *(.RamFunc*)
                0x0000000020000088                . = ALIGN (0x4)
 *fill*         0x0000000020000085        0x3 
                0x0000000020000088                _edata = .

.igot.plt       0x0000000020000088        0x0 load address 0x0000000008002d40
 .igot.plt      0x0000000020000088        0x0 c:/st/stm32cubeide_1.7.0/stm32cubeide/plugins/com.st.stm32cube.ide.mcu.externaltools.gnu-tools-for-stm32.9-2020-q2-update.win32_2.0.0.202105311346/tools/bin/../lib/gcc/arm-none-eabi/9.3.1/thumb/v7-m/nofp/crtbegin.o
                0x0000000020000088                . = ALIGN (0x4)

.bss            0x0000000020000088       0xf8 load address 0x0000000008002d40
                0x0000000020000088                _sbss = .
                0x0000000020000088                __bss_start__ = _sbss
 *(.bss)
 .bss           0x0000000020000088       0x1c c:/st/stm32cubeide_1.7.0/stm32cubeide/plugins/com.st.stm32cube.ide.mcu.externaltools.gnu-tools-for-stm32.9-2020-q2-update.win32_2.0.0.202105311346/tools/bin/../lib/gcc/arm-none-eabi/9.3.1/thumb/v7-m/nofp/crtbegin.o
 *(.bss*)
 .bss.button_flag
                0x00000000200000a4       0x10 ./Core/Src/button.o
                0x00000000200000a4                button_flag
 .bss.red_duration_tmp
                0x00000000200000b4        0x4 ./Core/Src/global.o
                0x00000000200000b4                red_duration_tmp
 .bss.green_duration_tmp
                0x00000000200000b8        0x4 ./Core/Src/global.o
                0x00000000200000b8                green_duration_tmp
 .bss.yellow_duration_tmp
                0x00000000200000bc        0x4 ./Core/Src/global.o
                0x00000000200000bc                yellow_duration_tmp
 .bss.index_buffer_horizontal
                0x00000000200000c0        0x4 ./Core/Src/global.o
                0x00000000200000c0                index_buffer_horizontal
 .bss.index_buffer_vertical
                0x00000000200000c4        0x4 ./Core/Src/global.o
                0x00000000200000c4                index_buffer_vertical
 .bss.timer_counter
                0x00000000200000c8       0x28 ./Core/Src/software_timer.o
                0x00000000200000c8                timer_counter
 .bss.timer_flag
                0x00000000200000f0       0x28 ./Core/Src/software_timer.o
                0x00000000200000f0                timer_flag
 *(COMMON)
 COMMON         0x0000000020000118       0x1c ./Core/Src/button.o
                0x0000000020000118                button_long_pressed_flag
                0x0000000020000124                TimerForPressKey
 COMMON         0x0000000020000134       0x48 ./Core/Src/main.o
                0x0000000020000134                htim2
 COMMON         0x000000002000017c        0x4 ./Drivers/STM32F1xx_HAL_Driver/Src/stm32f1xx_hal.o
                0x000000002000017c                uwTick
                0x0000000020000180                . = ALIGN (0x4)
                0x0000000020000180                _ebss = .
                0x0000000020000180                __bss_end__ = _ebss

._user_heap_stack
                0x0000000020000180      0x600 load address 0x0000000008002d40
                0x0000000020000180                . = ALIGN (0x8)
                [!provide]                        PROVIDE (end = .)
                0x0000000020000180                PROVIDE (_end = .)
                0x0000000020000380                . = (. + _Min_Heap_Size)
 *fill*         0x0000000020000180      0x200 
                0x0000000020000780                . = (. + _Min_Stack_Size)
 *fill*         0x0000000020000380      0x400 
                0x0000000020000780                . = ALIGN (0x8)

/DISCARD/
 libc.a(*)
 libm.a(*)
 libgcc.a(*)

.ARM.attributes
                0x0000000000000000       0x29
 *(.ARM.attributes)
 .ARM.attributes
                0x0000000000000000       0x1d c:/st/stm32cubeide_1.7.0/stm32cubeide/plugins/com.st.stm32cube.ide.mcu.externaltools.gnu-tools-for-stm32.9-2020-q2-update.win32_2.0.0.202105311346/tools/bin/../lib/gcc/arm-none-eabi/9.3.1/thumb/v7-m/nofp/crti.o
 .ARM.attributes
                0x000000000000001d       0x2d c:/st/stm32cubeide_1.7.0/stm32cubeide/plugins/com.st.stm32cube.ide.mcu.externaltools.gnu-tools-for-stm32.9-2020-q2-update.win32_2.0.0.202105311346/tools/bin/../lib/gcc/arm-none-eabi/9.3.1/thumb/v7-m/nofp/crtbegin.o
 .ARM.attributes
                0x000000000000004a       0x2d ./Core/Src/button.o
 .ARM.attributes
                0x0000000000000077       0x2d ./Core/Src/fsm_automatic.o
 .ARM.attributes
                0x00000000000000a4       0x2d ./Core/Src/fsm_setting.o
 .ARM.attributes
                0x00000000000000d1       0x2d ./Core/Src/global.o
 .ARM.attributes
                0x00000000000000fe       0x2d ./Core/Src/led7_segment.o
 .ARM.attributes
                0x000000000000012b       0x2d ./Core/Src/main.o
 .ARM.attributes
                0x0000000000000158       0x2d ./Core/Src/software_timer.o
 .ARM.attributes
                0x0000000000000185       0x2d ./Core/Src/stm32f1xx_hal_msp.o
 .ARM.attributes
                0x00000000000001b2       0x2d ./Core/Src/stm32f1xx_it.o
 .ARM.attributes
                0x00000000000001df       0x2d ./Core/Src/system_stm32f1xx.o
 .ARM.attributes
                0x000000000000020c       0x2d ./Core/Src/traffic.o
 .ARM.attributes
                0x0000000000000239       0x21 ./Core/Startup/startup_stm32f103c6ux.o
 .ARM.attributes
                0x000000000000025a       0x2d ./Drivers/STM32F1xx_HAL_Driver/Src/stm32f1xx_hal.o
 .ARM.attributes
                0x0000000000000287       0x2d ./Drivers/STM32F1xx_HAL_Driver/Src/stm32f1xx_hal_cortex.o
 .ARM.attributes
                0x00000000000002b4       0x2d ./Drivers/STM32F1xx_HAL_Driver/Src/stm32f1xx_hal_gpio.o
 .ARM.attributes
                0x00000000000002e1       0x2d ./Drivers/STM32F1xx_HAL_Driver/Src/stm32f1xx_hal_rcc.o
 .ARM.attributes
                0x000000000000030e       0x2d ./Drivers/STM32F1xx_HAL_Driver/Src/stm32f1xx_hal_tim.o
 .ARM.attributes
                0x000000000000033b       0x2d ./Drivers/STM32F1xx_HAL_Driver/Src/stm32f1xx_hal_tim_ex.o
 .ARM.attributes
                0x0000000000000368       0x2d c:/st/stm32cubeide_1.7.0/stm32cubeide/plugins/com.st.stm32cube.ide.mcu.externaltools.gnu-tools-for-stm32.9-2020-q2-update.win32_2.0.0.202105311346/tools/bin/../lib/gcc/arm-none-eabi/9.3.1/../../../../arm-none-eabi/lib/thumb/v7-m/nofp\libc_nano.a(lib_a-init.o)
 .ARM.attributes
                0x0000000000000395       0x2d c:/st/stm32cubeide_1.7.0/stm32cubeide/plugins/com.st.stm32cube.ide.mcu.externaltools.gnu-tools-for-stm32.9-2020-q2-update.win32_2.0.0.202105311346/tools/bin/../lib/gcc/arm-none-eabi/9.3.1/../../../../arm-none-eabi/lib/thumb/v7-m/nofp\libc_nano.a(lib_a-memset.o)
 .ARM.attributes
                0x00000000000003c2       0x1d c:/st/stm32cubeide_1.7.0/stm32cubeide/plugins/com.st.stm32cube.ide.mcu.externaltools.gnu-tools-for-stm32.9-2020-q2-update.win32_2.0.0.202105311346/tools/bin/../lib/gcc/arm-none-eabi/9.3.1/thumb/v7-m/nofp/crtn.o
OUTPUT(LAB_3.elf elf32-littlearm)
LOAD linker stubs
LOAD c:/st/stm32cubeide_1.7.0/stm32cubeide/plugins/com.st.stm32cube.ide.mcu.externaltools.gnu-tools-for-stm32.9-2020-q2-update.win32_2.0.0.202105311346/tools/bin/../lib/gcc/arm-none-eabi/9.3.1/../../../../arm-none-eabi/lib/thumb/v7-m/nofp\libc.a
LOAD c:/st/stm32cubeide_1.7.0/stm32cubeide/plugins/com.st.stm32cube.ide.mcu.externaltools.gnu-tools-for-stm32.9-2020-q2-update.win32_2.0.0.202105311346/tools/bin/../lib/gcc/arm-none-eabi/9.3.1/../../../../arm-none-eabi/lib/thumb/v7-m/nofp\libm.a
LOAD c:/st/stm32cubeide_1.7.0/stm32cubeide/plugins/com.st.stm32cube.ide.mcu.externaltools.gnu-tools-for-stm32.9-2020-q2-update.win32_2.0.0.202105311346/tools/bin/../lib/gcc/arm-none-eabi/9.3.1/thumb/v7-m/nofp\libgcc.a

.debug_info     0x0000000000000000     0x9a6e
 .debug_info    0x0000000000000000      0x36f ./Core/Src/button.o
 .debug_info    0x000000000000036f      0x272 ./Core/Src/fsm_automatic.o
 .debug_info    0x00000000000005e1      0x272 ./Core/Src/fsm_setting.o
 .debug_info    0x0000000000000853      0x356 ./Core/Src/global.o
 .debug_info    0x0000000000000ba9      0x485 ./Core/Src/led7_segment.o
 .debug_info    0x000000000000102e      0xc91 ./Core/Src/main.o
 .debug_info    0x0000000000001cbf       0xfd ./Core/Src/software_timer.o
 .debug_info    0x0000000000001dbc      0xa09 ./Core/Src/stm32f1xx_hal_msp.o
 .debug_info    0x00000000000027c5      0x7b9 ./Core/Src/stm32f1xx_it.o
 .debug_info    0x0000000000002f7e      0x2be ./Core/Src/system_stm32f1xx.o
 .debug_info    0x000000000000323c      0x3c1 ./Core/Src/traffic.o
 .debug_info    0x00000000000035fd       0x22 ./Core/Startup/startup_stm32f103c6ux.o
 .debug_info    0x000000000000361f      0x74c ./Drivers/STM32F1xx_HAL_Driver/Src/stm32f1xx_hal.o
 .debug_info    0x0000000000003d6b      0xbbe ./Drivers/STM32F1xx_HAL_Driver/Src/stm32f1xx_hal_cortex.o
 .debug_info    0x0000000000004929      0x701 ./Drivers/STM32F1xx_HAL_Driver/Src/stm32f1xx_hal_gpio.o
 .debug_info    0x000000000000502a      0x893 ./Drivers/STM32F1xx_HAL_Driver/Src/stm32f1xx_hal_rcc.o
 .debug_info    0x00000000000058bd     0x2c32 ./Drivers/STM32F1xx_HAL_Driver/Src/stm32f1xx_hal_tim.o
 .debug_info    0x00000000000084ef     0x157f ./Drivers/STM32F1xx_HAL_Driver/Src/stm32f1xx_hal_tim_ex.o

.debug_abbrev   0x0000000000000000     0x1c1f
 .debug_abbrev  0x0000000000000000      0x18c ./Core/Src/button.o
 .debug_abbrev  0x000000000000018c       0xb6 ./Core/Src/fsm_automatic.o
 .debug_abbrev  0x0000000000000242       0xb6 ./Core/Src/fsm_setting.o
 .debug_abbrev  0x00000000000002f8       0xdd ./Core/Src/global.o
 .debug_abbrev  0x00000000000003d5      0x182 ./Core/Src/led7_segment.o
 .debug_abbrev  0x0000000000000557      0x22c ./Core/Src/main.o
 .debug_abbrev  0x0000000000000783       0xf1 ./Core/Src/software_timer.o
 .debug_abbrev  0x0000000000000874      0x1b7 ./Core/Src/stm32f1xx_hal_msp.o
 .debug_abbrev  0x0000000000000a2b      0x176 ./Core/Src/stm32f1xx_it.o
 .debug_abbrev  0x0000000000000ba1      0x14e ./Core/Src/system_stm32f1xx.o
 .debug_abbrev  0x0000000000000cef       0xff ./Core/Src/traffic.o
 .debug_abbrev  0x0000000000000dee       0x12 ./Core/Startup/startup_stm32f103c6ux.o
 .debug_abbrev  0x0000000000000e00      0x1ed ./Drivers/STM32F1xx_HAL_Driver/Src/stm32f1xx_hal.o
 .debug_abbrev  0x0000000000000fed      0x313 ./Drivers/STM32F1xx_HAL_Driver/Src/stm32f1xx_hal_cortex.o
 .debug_abbrev  0x0000000000001300      0x1e8 ./Drivers/STM32F1xx_HAL_Driver/Src/stm32f1xx_hal_gpio.o
 .debug_abbrev  0x00000000000014e8      0x273 ./Drivers/STM32F1xx_HAL_Driver/Src/stm32f1xx_hal_rcc.o
 .debug_abbrev  0x000000000000175b      0x25e ./Drivers/STM32F1xx_HAL_Driver/Src/stm32f1xx_hal_tim.o
 .debug_abbrev  0x00000000000019b9      0x266 ./Drivers/STM32F1xx_HAL_Driver/Src/stm32f1xx_hal_tim_ex.o

.debug_aranges  0x0000000000000000      0xac8
 .debug_aranges
                0x0000000000000000       0x38 ./Core/Src/button.o
 .debug_aranges
                0x0000000000000038       0x20 ./Core/Src/fsm_automatic.o
 .debug_aranges
                0x0000000000000058       0x20 ./Core/Src/fsm_setting.o
 .debug_aranges
                0x0000000000000078       0x28 ./Core/Src/global.o
 .debug_aranges
                0x00000000000000a0       0x60 ./Core/Src/led7_segment.o
 .debug_aranges
                0x0000000000000100       0x48 ./Core/Src/main.o
 .debug_aranges
                0x0000000000000148       0x30 ./Core/Src/software_timer.o
 .debug_aranges
                0x0000000000000178       0x30 ./Core/Src/stm32f1xx_hal_msp.o
 .debug_aranges
                0x00000000000001a8       0x68 ./Core/Src/stm32f1xx_it.o
 .debug_aranges
                0x0000000000000210       0x28 ./Core/Src/system_stm32f1xx.o
 .debug_aranges
                0x0000000000000238       0x68 ./Core/Src/traffic.o
 .debug_aranges
                0x00000000000002a0       0x28 ./Core/Startup/startup_stm32f103c6ux.o
 .debug_aranges
                0x00000000000002c8       0xe0 ./Drivers/STM32F1xx_HAL_Driver/Src/stm32f1xx_hal.o
 .debug_aranges
                0x00000000000003a8      0x100 ./Drivers/STM32F1xx_HAL_Driver/Src/stm32f1xx_hal_cortex.o
 .debug_aranges
                0x00000000000004a8       0x58 ./Drivers/STM32F1xx_HAL_Driver/Src/stm32f1xx_hal_gpio.o
 .debug_aranges
                0x0000000000000500       0x90 ./Drivers/STM32F1xx_HAL_Driver/Src/stm32f1xx_hal_rcc.o
 .debug_aranges
                0x0000000000000590      0x3d0 ./Drivers/STM32F1xx_HAL_Driver/Src/stm32f1xx_hal_tim.o
 .debug_aranges
                0x0000000000000960      0x168 ./Drivers/STM32F1xx_HAL_Driver/Src/stm32f1xx_hal_tim_ex.o

.debug_ranges   0x0000000000000000      0x9b0
 .debug_ranges  0x0000000000000000       0x28 ./Core/Src/button.o
 .debug_ranges  0x0000000000000028       0x10 ./Core/Src/fsm_automatic.o
 .debug_ranges  0x0000000000000038       0x10 ./Core/Src/fsm_setting.o
 .debug_ranges  0x0000000000000048       0x18 ./Core/Src/global.o
 .debug_ranges  0x0000000000000060       0x50 ./Core/Src/led7_segment.o
 .debug_ranges  0x00000000000000b0       0x38 ./Core/Src/main.o
 .debug_ranges  0x00000000000000e8       0x20 ./Core/Src/software_timer.o
 .debug_ranges  0x0000000000000108       0x20 ./Core/Src/stm32f1xx_hal_msp.o
 .debug_ranges  0x0000000000000128       0x58 ./Core/Src/stm32f1xx_it.o
 .debug_ranges  0x0000000000000180       0x18 ./Core/Src/system_stm32f1xx.o
 .debug_ranges  0x0000000000000198       0x58 ./Core/Src/traffic.o
 .debug_ranges  0x00000000000001f0       0x20 ./Core/Startup/startup_stm32f103c6ux.o
 .debug_ranges  0x0000000000000210       0xd0 ./Drivers/STM32F1xx_HAL_Driver/Src/stm32f1xx_hal.o
 .debug_ranges  0x00000000000002e0       0xf0 ./Drivers/STM32F1xx_HAL_Driver/Src/stm32f1xx_hal_cortex.o
 .debug_ranges  0x00000000000003d0       0x48 ./Drivers/STM32F1xx_HAL_Driver/Src/stm32f1xx_hal_gpio.o
 .debug_ranges  0x0000000000000418       0x80 ./Drivers/STM32F1xx_HAL_Driver/Src/stm32f1xx_hal_rcc.o
 .debug_ranges  0x0000000000000498      0x3c0 ./Drivers/STM32F1xx_HAL_Driver/Src/stm32f1xx_hal_tim.o
 .debug_ranges  0x0000000000000858      0x158 ./Drivers/STM32F1xx_HAL_Driver/Src/stm32f1xx_hal_tim_ex.o

.debug_macro    0x0000000000000000    0x16fe5
 .debug_macro   0x0000000000000000      0x1b5 ./Core/Src/button.o
 .debug_macro   0x00000000000001b5      0xa9c ./Core/Src/button.o
 .debug_macro   0x0000000000000c51      0x215 ./Core/Src/button.o
 .debug_macro   0x0000000000000e66       0x2e ./Core/Src/button.o
 .debug_macro   0x0000000000000e94       0x22 ./Core/Src/button.o
 .debug_macro   0x0000000000000eb6       0x22 ./Core/Src/button.o
 .debug_macro   0x0000000000000ed8       0x8e ./Core/Src/button.o
 .debug_macro   0x0000000000000f66       0x51 ./Core/Src/button.o
 .debug_macro   0x0000000000000fb7      0x103 ./Core/Src/button.o
 .debug_macro   0x00000000000010ba       0x6a ./Core/Src/button.o
 .debug_macro   0x0000000000001124      0x1df ./Core/Src/button.o
 .debug_macro   0x0000000000001303       0x1c ./Core/Src/button.o
 .debug_macro   0x000000000000131f       0x22 ./Core/Src/button.o
 .debug_macro   0x0000000000001341       0xc3 ./Core/Src/button.o
 .debug_macro   0x0000000000001404      0xd23 ./Core/Src/button.o
 .debug_macro   0x0000000000002127     0xde75 ./Core/Src/button.o
 .debug_macro   0x000000000000ff9c       0x6d ./Core/Src/button.o
 .debug_macro   0x0000000000010009     0x34a2 ./Core/Src/button.o
 .debug_macro   0x00000000000134ab      0x174 ./Core/Src/button.o
 .debug_macro   0x000000000001361f       0x5c ./Core/Src/button.o
 .debug_macro   0x000000000001367b      0x5bc ./Core/Src/button.o
 .debug_macro   0x0000000000013c37      0x1b7 ./Core/Src/button.o
 .debug_macro   0x0000000000013dee      0x1cb ./Core/Src/button.o
 .debug_macro   0x0000000000013fb9      0x114 ./Core/Src/button.o
 .debug_macro   0x00000000000140cd      0x1b2 ./Core/Src/button.o
 .debug_macro   0x000000000001427f       0x27 ./Core/Src/button.o
 .debug_macro   0x00000000000142a6      0x12f ./Core/Src/button.o
 .debug_macro   0x00000000000143d5      0x1bc ./Core/Src/button.o
 .debug_macro   0x0000000000014591       0x34 ./Core/Src/button.o
 .debug_macro   0x00000000000145c5       0x3c ./Core/Src/button.o
 .debug_macro   0x0000000000014601       0x57 ./Core/Src/button.o
 .debug_macro   0x0000000000014658       0x87 ./Core/Src/button.o
 .debug_macro   0x00000000000146df      0x183 ./Core/Src/button.o
 .debug_macro   0x0000000000014862      0x140 ./Core/Src/button.o
 .debug_macro   0x00000000000149a2      0x8ed ./Core/Src/button.o
 .debug_macro   0x000000000001528f       0x69 ./Core/Src/button.o
 .debug_macro   0x00000000000152f8      0x148 ./Core/Src/button.o
 .debug_macro   0x0000000000015440       0x22 ./Core/Src/button.o
 .debug_macro   0x0000000000015462      0x1f7 ./Core/Src/fsm_automatic.o
 .debug_macro   0x0000000000015659       0x10 ./Core/Src/fsm_automatic.o
 .debug_macro   0x0000000000015669       0x28 ./Core/Src/fsm_automatic.o
 .debug_macro   0x0000000000015691       0x4c ./Core/Src/fsm_automatic.o
 .debug_macro   0x00000000000156dd      0x1f7 ./Core/Src/fsm_setting.o
 .debug_macro   0x00000000000158d4      0x1f3 ./Core/Src/global.o
 .debug_macro   0x0000000000015ac7      0x1f7 ./Core/Src/led7_segment.o
 .debug_macro   0x0000000000015cbe      0x1f7 ./Core/Src/main.o
 .debug_macro   0x0000000000015eb5       0x20 ./Core/Src/software_timer.o
 .debug_macro   0x0000000000015ed5      0x1a6 ./Core/Src/stm32f1xx_hal_msp.o
 .debug_macro   0x000000000001607b      0x1b0 ./Core/Src/stm32f1xx_it.o
 .debug_macro   0x000000000001622b      0x197 ./Core/Src/system_stm32f1xx.o
 .debug_macro   0x00000000000163c2      0x1f7 ./Core/Src/traffic.o
 .debug_macro   0x00000000000165b9      0x1bb ./Drivers/STM32F1xx_HAL_Driver/Src/stm32f1xx_hal.o
 .debug_macro   0x0000000000016774      0x197 ./Drivers/STM32F1xx_HAL_Driver/Src/stm32f1xx_hal_cortex.o
 .debug_macro   0x000000000001690b      0x202 ./Drivers/STM32F1xx_HAL_Driver/Src/stm32f1xx_hal_gpio.o
 .debug_macro   0x0000000000016b0d      0x1a9 ./Drivers/STM32F1xx_HAL_Driver/Src/stm32f1xx_hal_rcc.o
 .debug_macro   0x0000000000016cb6      0x198 ./Drivers/STM32F1xx_HAL_Driver/Src/stm32f1xx_hal_tim.o
 .debug_macro   0x0000000000016e4e      0x197 ./Drivers/STM32F1xx_HAL_Driver/Src/stm32f1xx_hal_tim_ex.o

.debug_line     0x0000000000000000     0xc376
 .debug_line    0x0000000000000000      0x75b ./Core/Src/button.o
 .debug_line    0x000000000000075b      0x8a9 ./Core/Src/fsm_automatic.o
 .debug_line    0x0000000000001004      0x85f ./Core/Src/fsm_setting.o
 .debug_line    0x0000000000001863      0x6e5 ./Core/Src/global.o
 .debug_line    0x0000000000001f48      0x823 ./Core/Src/led7_segment.o
 .debug_line    0x000000000000276b      0x7f4 ./Core/Src/main.o
 .debug_line    0x0000000000002f5f       0xd7 ./Core/Src/software_timer.o
 .debug_line    0x0000000000003036      0x6a1 ./Core/Src/stm32f1xx_hal_msp.o
 .debug_line    0x00000000000036d7      0x73f ./Core/Src/stm32f1xx_it.o
 .debug_line    0x0000000000003e16      0x6e3 ./Core/Src/system_stm32f1xx.o
 .debug_line    0x00000000000044f9      0x7b9 ./Core/Src/traffic.o
 .debug_line    0x0000000000004cb2       0x86 ./Core/Startup/startup_stm32f103c6ux.o
 .debug_line    0x0000000000004d38      0x910 ./Drivers/STM32F1xx_HAL_Driver/Src/stm32f1xx_hal.o
 .debug_line    0x0000000000005648      0xaf8 ./Drivers/STM32F1xx_HAL_Driver/Src/stm32f1xx_hal_cortex.o
 .debug_line    0x0000000000006140      0x993 ./Drivers/STM32F1xx_HAL_Driver/Src/stm32f1xx_hal_gpio.o
 .debug_line    0x0000000000006ad3      0xd1c ./Drivers/STM32F1xx_HAL_Driver/Src/stm32f1xx_hal_rcc.o
 .debug_line    0x00000000000077ef     0x3361 ./Drivers/STM32F1xx_HAL_Driver/Src/stm32f1xx_hal_tim.o
 .debug_line    0x000000000000ab50     0x1826 ./Drivers/STM32F1xx_HAL_Driver/Src/stm32f1xx_hal_tim_ex.o

.debug_str      0x0000000000000000    0x827a0
 .debug_str     0x0000000000000000    0x7f9ab ./Core/Src/button.o
                                      0x7fd26 (size before relaxing)
 .debug_str     0x000000000007f9ab      0x262 ./Core/Src/fsm_automatic.o
                                      0x7fe95 (size before relaxing)
 .debug_str     0x000000000007fc0d       0x2a ./Core/Src/fsm_setting.o
                                      0x7fe91 (size before relaxing)
 .debug_str     0x000000000007fc37       0x30 ./Core/Src/global.o
                                      0x7fe97 (size before relaxing)
 .debug_str     0x000000000007fc67       0xe6 ./Core/Src/led7_segment.o
                                      0x7ffa0 (size before relaxing)
 .debug_str     0x000000000007fd4d      0x6df ./Core/Src/main.o
                                      0x8063d (size before relaxing)
 .debug_str     0x000000000008042c       0x59 ./Core/Src/software_timer.o
                                       0x2de6 (size before relaxing)
 .debug_str     0x0000000000080485      0x2ba ./Core/Src/stm32f1xx_hal_msp.o
                                      0x803da (size before relaxing)
 .debug_str     0x000000000008073f       0xcd ./Core/Src/stm32f1xx_it.o
                                      0x8013c (size before relaxing)
 .debug_str     0x000000000008080c       0x52 ./Core/Src/system_stm32f1xx.o
                                      0x7f75f (size before relaxing)
 .debug_str     0x000000000008085e       0xc9 ./Core/Src/traffic.o
                                      0x7ff61 (size before relaxing)
 .debug_str     0x0000000000080927       0x36 ./Core/Startup/startup_stm32f103c6ux.o
                                         0x53 (size before relaxing)
 .debug_str     0x000000000008095d      0x304 ./Drivers/STM32F1xx_HAL_Driver/Src/stm32f1xx_hal.o
                                      0x7fdb6 (size before relaxing)
 .debug_str     0x0000000000080c61      0x300 ./Drivers/STM32F1xx_HAL_Driver/Src/stm32f1xx_hal_cortex.o
                                      0x7fdbe (size before relaxing)
 .debug_str     0x0000000000080f61      0x324 ./Drivers/STM32F1xx_HAL_Driver/Src/stm32f1xx_hal_gpio.o
                                      0x7fb23 (size before relaxing)
 .debug_str     0x0000000000081285      0x24f ./Drivers/STM32F1xx_HAL_Driver/Src/stm32f1xx_hal_rcc.o
                                      0x7fb5c (size before relaxing)
 .debug_str     0x00000000000814d4      0xdde ./Drivers/STM32F1xx_HAL_Driver/Src/stm32f1xx_hal_tim.o
                                      0x80b45 (size before relaxing)
 .debug_str     0x00000000000822b2      0x4ee ./Drivers/STM32F1xx_HAL_Driver/Src/stm32f1xx_hal_tim_ex.o
                                      0x802e6 (size before relaxing)

.comment        0x0000000000000000       0x53
 .comment       0x0000000000000000       0x53 ./Core/Src/button.o
                                         0x54 (size before relaxing)
 .comment       0x0000000000000053       0x54 ./Core/Src/fsm_automatic.o
 .comment       0x0000000000000053       0x54 ./Core/Src/fsm_setting.o
 .comment       0x0000000000000053       0x54 ./Core/Src/global.o
 .comment       0x0000000000000053       0x54 ./Core/Src/led7_segment.o
 .comment       0x0000000000000053       0x54 ./Core/Src/main.o
 .comment       0x0000000000000053       0x54 ./Core/Src/software_timer.o
 .comment       0x0000000000000053       0x54 ./Core/Src/stm32f1xx_hal_msp.o
 .comment       0x0000000000000053       0x54 ./Core/Src/stm32f1xx_it.o
 .comment       0x0000000000000053       0x54 ./Core/Src/system_stm32f1xx.o
 .comment       0x0000000000000053       0x54 ./Core/Src/traffic.o
 .comment       0x0000000000000053       0x54 ./Drivers/STM32F1xx_HAL_Driver/Src/stm32f1xx_hal.o
 .comment       0x0000000000000053       0x54 ./Drivers/STM32F1xx_HAL_Driver/Src/stm32f1xx_hal_cortex.o
 .comment       0x0000000000000053       0x54 ./Drivers/STM32F1xx_HAL_Driver/Src/stm32f1xx_hal_gpio.o
 .comment       0x0000000000000053       0x54 ./Drivers/STM32F1xx_HAL_Driver/Src/stm32f1xx_hal_rcc.o
 .comment       0x0000000000000053       0x54 ./Drivers/STM32F1xx_HAL_Driver/Src/stm32f1xx_hal_tim.o
 .comment       0x0000000000000053       0x54 ./Drivers/STM32F1xx_HAL_Driver/Src/stm32f1xx_hal_tim_ex.o

.debug_frame    0x0000000000000000     0x2a08
 .debug_frame   0x0000000000000000       0xac ./Core/Src/button.o
 .debug_frame   0x00000000000000ac       0x2c ./Core/Src/fsm_automatic.o
 .debug_frame   0x00000000000000d8       0x2c ./Core/Src/fsm_setting.o
 .debug_frame   0x0000000000000104       0x4c ./Core/Src/global.o
 .debug_frame   0x0000000000000150      0x144 ./Core/Src/led7_segment.o
 .debug_frame   0x0000000000000294       0xd4 ./Core/Src/main.o
 .debug_frame   0x0000000000000368       0x88 ./Core/Src/software_timer.o
 .debug_frame   0x00000000000003f0       0x80 ./Core/Src/stm32f1xx_hal_msp.o
 .debug_frame   0x0000000000000470      0x120 ./Core/Src/stm32f1xx_it.o
 .debug_frame   0x0000000000000590       0x58 ./Core/Src/system_stm32f1xx.o
 .debug_frame   0x00000000000005e8      0x128 ./Core/Src/traffic.o
 .debug_frame   0x0000000000000710      0x334 ./Drivers/STM32F1xx_HAL_Driver/Src/stm32f1xx_hal.o
 .debug_frame   0x0000000000000a44      0x428 ./Drivers/STM32F1xx_HAL_Driver/Src/stm32f1xx_hal_cortex.o
 .debug_frame   0x0000000000000e6c      0x14c ./Drivers/STM32F1xx_HAL_Driver/Src/stm32f1xx_hal_gpio.o
 .debug_frame   0x0000000000000fb8      0x218 ./Drivers/STM32F1xx_HAL_Driver/Src/stm32f1xx_hal_rcc.o
 .debug_frame   0x00000000000011d0     0x11b4 ./Drivers/STM32F1xx_HAL_Driver/Src/stm32f1xx_hal_tim.o
 .debug_frame   0x0000000000002384      0x638 ./Drivers/STM32F1xx_HAL_Driver/Src/stm32f1xx_hal_tim_ex.o
 .debug_frame   0x00000000000029bc       0x2c c:/st/stm32cubeide_1.7.0/stm32cubeide/plugins/com.st.stm32cube.ide.mcu.externaltools.gnu-tools-for-stm32.9-2020-q2-update.win32_2.0.0.202105311346/tools/bin/../lib/gcc/arm-none-eabi/9.3.1/../../../../arm-none-eabi/lib/thumb/v7-m/nofp\libc_nano.a(lib_a-init.o)
 .debug_frame   0x00000000000029e8       0x20 c:/st/stm32cubeide_1.7.0/stm32cubeide/plugins/com.st.stm32cube.ide.mcu.externaltools.gnu-tools-for-stm32.9-2020-q2-update.win32_2.0.0.202105311346/tools/bin/../lib/gcc/arm-none-eabi/9.3.1/../../../../arm-none-eabi/lib/thumb/v7-m/nofp\libc_nano.a(lib_a-memset.o)
